// Jest Snapshot v1, https://goo.gl/fbAQLP

exports[`IndexPage renders correctly 1`] = `
<main
  style={
    Object {
      "color": "#232129",
      "fontFamily": "-apple-system, Roboto, sans-serif, serif",
      "padding": 96,
    }
  }
>
  <h1>
    Home Page
  </h1>
</main>
`;
